STEP to UG
! INFO-     NX STEP AP214 - V1980
! INFO-      
! INFO-     Start of Translation: 2-SEP-2025  4:15:33 PM
! INFO-      
! STATUS-   Converting Part: C:\Users\se097192\Documents\0_BRZ\c-776164-1-f-3d.stp
! SUMMARY-   
! SUMMARY-    STEP Header Information
! SUMMARY-   
! SUMMARY-  Description      Unknown
! SUMMARY-  Imp_Level        2;1
! SUMMARY-  File_Name        C-776164-1
! SUMMARY-  Date             2009-11-20T
! SUMMARY-  Author           workeradm
! SUMMARY-  Organization     Unknown
! SUMMARY-  Pre_Version      PRO/ENGINEER BY PARAMETRIC TECHNOLOGY CORPORATION, 2008380
! SUMMARY-  Orig_System      PRO/ENGINEER BY PARAMETRIC TECHNOLOGY CORPORATION, 2008380
! SUMMARY-  Authorization    Unknown
! SUMMARY-  Schema_ID        automotive_design
! SUMMARY-   
! SUMMARY-    Summary of STEP Entities
! SUMMARY-   
! SUMMARY-  Entity Type                                                   Count
! SUMMARY-  -----------                                                   ------
! SUMMARY-  advanced_face ..............................................:   1401
! SUMMARY-  application_context ........................................:      1
! SUMMARY-  axis2_placement_3d .........................................:   2189
! SUMMARY-  b_spline_curve_with_knots ..................................:    178
! SUMMARY-  b_spline_surface_with_knots_and_rational_b_spline_surface ..:      4
! SUMMARY-  cartesian_point ............................................:   8215
! SUMMARY-  circle .....................................................:    794
! SUMMARY-  closed_shell ...............................................:      3
! SUMMARY-  conical_surface ............................................:     78
! SUMMARY-  conversion_based_unit_and_plane_angle_unit .................:      1
! SUMMARY-  cylindrical_surface ........................................:    328
! SUMMARY-  dimensional_exponents ......................................:      1
! SUMMARY-  direction ..................................................:   6936
! SUMMARY-  edge_curve .................................................:   3526
! SUMMARY-  edge_loop ..................................................:   1492
! SUMMARY-  face_bound .................................................:     91
! SUMMARY-  face_outer_bound ...........................................:   1401
! SUMMARY-  geometric_representation_context_and_global_uncertainty_a ..:      1
! SUMMARY-  length_unit_and_si_unit ....................................:      1
! SUMMARY-  line .......................................................:   2556
! SUMMARY-  manifold_solid_brep ........................................:      3
! SUMMARY-  oriented_edge ..............................................:   7052
! SUMMARY-  plane ......................................................:    923
! SUMMARY-  plane_angle_measure_with_unit ..............................:      1
! SUMMARY-  plane_angle_unit_and_si_unit ...............................:      1
! SUMMARY-  product ....................................................:      1
! SUMMARY-  product_context ............................................:      1
! SUMMARY-  product_definition .........................................:      1
! SUMMARY-  product_definition_context .................................:      1
! SUMMARY-  product_definition_formation ...............................:      1
! SUMMARY-  product_definition_shape ...................................:      1
! SUMMARY-  product_related_product_category ...........................:      1
! SUMMARY-  si_unit_and_solid_angle_unit ...............................:      1
! SUMMARY-  spherical_surface ..........................................:     14
! SUMMARY-  surface_of_linear_extrusion ................................:      2
! SUMMARY-  toroidal_surface ...........................................:     52
! SUMMARY-  uncertainty_measure_with_unit ..............................:      1
! SUMMARY-  vector .....................................................:   2558
! SUMMARY-  vertex_point ...............................................:   2200
! SUMMARY-                                                               -------
! SUMMARY-  Total                                                          42012
! STATUS-    
! STATUS-   Converting to Output Form (Phase 2 of 3): 2-SEP-2025 4:15:34 PM
! STATUS-    
! STATUS-    
! STATUS-   Generating UG geometry and placing them in parts
! STATUS-    
! STATUS-   Creating the UG part (Phase 3 of 3): 2-SEP-2025  4:15:35 PM
! INFO-     Filing Part ..: C:\Users\se097192\Documents\0_BRZ\c-776164-1-f-3d.prt
! SUMMARY-   
! SUMMARY-  Summary of Unigraphics Part Entities
! SUMMARY-   
! SUMMARY-  Entities Processed             Count
! SUMMARY-  ------------------             -----
! SUMMARY-  Reference Set ...............:     2
! SUMMARY-  Solid .......................:     3
! SUMMARY-                                 -----
! SUMMARY-  Total                              5
! INFO-      
! INFO-     Total number of solids input for this translation       :         3
! INFO-      
! INFO-     Number of solids created without body validation faults :         3
! INFO-      
! INFO-     Number of solids created with body validation fault(s)  :         0
! INFO-      
! INFO-     Number of solids ending up as sheet bodies              :         0
! INFO-      
! INFO-     End of Translation: 2-SEP-2025  4:15:36 PM
! INFO-      
