STEP to UG
! INFO-     NX STEP AP214 - V2412.1700
! INFO-      
! INFO-     Start of Translation: 4-OCT-2025  6:34:56 PM
! INFO-      
! STATUS-   Converting Part: C:\Users\Trololololol\Downloads\c-2437607-1-a-3d.stp
! SUMMARY-   
! SUMMARY-    STEP Header Information
! SUMMARY-   
! SUMMARY-  Description      Unknown
! SUMMARY-  Imp_Level        2;1
! SUMMARY-  File_Name        C-2437607-1
! SUMMARY-  Date             2023-12-18T03:25:19
! SUMMARY-  Author           workeradm
! SUMMARY-  Organization     TE Connectivity Ltd.
! SUMMARY-  Pre_Version      CREO PARAMETRIC BY PTC INC, 2021072
! SUMMARY-  Orig_System      CREO PARAMETRIC BY PTC INC, 2021072
! SUMMARY-  Authorization    Unknown
! SUMMARY-  Schema_ID        automotive_design
! SUMMARY-   
! SUMMARY-    Summary of STEP Entities
! SUMMARY-   
! SUMMARY-  Entity Type                                                   Count
! SUMMARY-  -----------                                                   ------
! SUMMARY-  advanced_face ..............................................:   1163
! SUMMARY-  application_context ........................................:      1
! SUMMARY-  axis2_placement_3d .........................................:   2165
! SUMMARY-  b_spline_curve_with_knots ..................................:    191
! SUMMARY-  b_spline_surface_with_knots_and_rational_b_spline_surface ..:     12
! SUMMARY-  cartesian_point ............................................:  12873
! SUMMARY-  circle .....................................................:   1014
! SUMMARY-  closed_shell ...............................................:      1
! SUMMARY-  conical_surface ............................................:      8
! SUMMARY-  conversion_based_unit_and_plane_angle_unit .................:      1
! SUMMARY-  cylindrical_surface ........................................:    453
! SUMMARY-  direction ..................................................:   6055
! SUMMARY-  edge_curve .................................................:   2930
! SUMMARY-  edge_loop ..................................................:   1248
! SUMMARY-  face_bound .................................................:     85
! SUMMARY-  face_outer_bound ...........................................:   1163
! SUMMARY-  geometric_representation_context_and_global_uncertainty_a ..:      1
! SUMMARY-  length_unit_and_si_unit ....................................:      1
! SUMMARY-  line .......................................................:   1725
! SUMMARY-  manifold_solid_brep ........................................:      1
! SUMMARY-  oriented_edge ..............................................:   5860
! SUMMARY-  plane ......................................................:    525
! SUMMARY-  plane_angle_measure_with_unit ..............................:      1
! SUMMARY-  plane_angle_unit_and_si_unit ...............................:      1
! SUMMARY-  product ....................................................:      1
! SUMMARY-  product_context ............................................:      1
! SUMMARY-  product_definition .........................................:      1
! SUMMARY-  product_definition_context .................................:      1
! SUMMARY-  product_definition_formation ...............................:      1
! SUMMARY-  product_definition_shape ...................................:      1
! SUMMARY-  product_related_product_category ...........................:      1
! SUMMARY-  si_unit_and_solid_angle_unit ...............................:      1
! SUMMARY-  spherical_surface ..........................................:     48
! SUMMARY-  toroidal_surface ...........................................:    117
! SUMMARY-  uncertainty_measure_with_unit ..............................:      1
! SUMMARY-  vector .....................................................:   1725
! SUMMARY-  vertex_point ...............................................:   1854
! SUMMARY-                                                               -------
! SUMMARY-  Total                                                          41231
! STATUS-    
! STATUS-   Converting to Output Form (Phase 2 of 3): 4-OCT-2025 6:34:56 PM
! STATUS-    
! STATUS-    
! STATUS-   Generating UG geometry and placing them in parts
! STATUS-    
! STATUS-   Creating the UG part (Phase 3 of 3): 4-OCT-2025  6:34:58 PM
! INFO-     Filing Part ..: C:\Users\Trololololol\Documents\Projects\0_BRZ_PARENT\0_BRZ_CAD\4_ECU_ENCLOSURES\9_HU_ECU\HU_ECU_revB\c-2437607-1-a-3d.prt
! SUMMARY-   
! SUMMARY-  Summary of Unigraphics Part Entities
! SUMMARY-   
! SUMMARY-  Entities Processed             Count
! SUMMARY-  ------------------             -----
! SUMMARY-  Part Attribute ..............:     5
! SUMMARY-  Reference Set ...............:     2
! SUMMARY-  Solid/Sheet .................:     1
! SUMMARY-                                 -----
! SUMMARY-  Total                              8
! INFO-      
! INFO-     Total number of solids input for this translation       :         1
! INFO-      
! INFO-     Number of solids created without body validation faults :         1
! INFO-      
! INFO-     Number of solids created with body validation fault(s)  :         0
! INFO-      
! INFO-     Number of solids ending up as sheet bodies              :         0
! INFO-      
! INFO-     End of Translation: 4-OCT-2025  6:35:02 PM
! INFO-      
