STEP to UG
! INFO-     NX STEP AP214 - V2412.1700
! INFO-      
! INFO-     Start of Translation: 4-OCT-2025  6:51:43 PM
! INFO-      
! STATUS-   Converting Part: C:\Users\Trololololol\Downloads\FM4-NZRP-PCB-1.stp
! SUMMARY-   
! SUMMARY-    STEP Header Information
! SUMMARY-   
! SUMMARY-  Description      Unknown
! SUMMARY-  Imp_Level        2;1
! SUMMARY-  File_Name        FM4-NXRP-PCB-1_SW0002
! SUMMARY-  Date             2021-01-18T12:24:13
! SUMMARY-  Author           Kaviyarasan
! SUMMARY-  Organization     Unknown
! SUMMARY-  Pre_Version      CREO PARAMETRIC BY PTC INC, 2019444
! SUMMARY-  Orig_System      CREO PARAMETRIC BY PTC INC, 2019444
! SUMMARY-  Authorization    Unknown
! SUMMARY-  Schema_ID        config_control_design
! SUMMARY-   
! SUMMARY-    Summary of STEP Entities
! SUMMARY-   
! SUMMARY-  Entity Type                                                   Count
! SUMMARY-  -----------                                                   ------
! SUMMARY-  advanced_face ..............................................:   1185
! SUMMARY-  application_context ........................................:      1
! SUMMARY-  approval ...................................................:      1
! SUMMARY-  approval_status ............................................:      1
! SUMMARY-  axis2_placement_3d .........................................:   2025
! SUMMARY-  b_spline_curve_with_knots ..................................:    364
! SUMMARY-  b_spline_surface_with_knots ................................:     32
! SUMMARY-  b_spline_surface_with_knots_and_rational_b_spline_surface ..:     91
! SUMMARY-  calendar_date ..............................................:      1
! SUMMARY-  cartesian_point ............................................:  12941
! SUMMARY-  circle .....................................................:    963
! SUMMARY-  closed_shell ...............................................:      1
! SUMMARY-  conical_surface ............................................:     36
! SUMMARY-  conversion_based_unit_and_plane_angle_unit .................:      1
! SUMMARY-  coordinated_universal_time_offset ..........................:      1
! SUMMARY-  cylindrical_surface ........................................:    342
! SUMMARY-  date_and_time ..............................................:      1
! SUMMARY-  direction ..................................................:   5675
! SUMMARY-  edge_curve .................................................:   2952
! SUMMARY-  edge_loop ..................................................:   1219
! SUMMARY-  face_bound .................................................:     34
! SUMMARY-  face_outer_bound ...........................................:   1185
! SUMMARY-  geometric_representation_context_and_global_uncertainty_a ..:      1
! SUMMARY-  length_unit_and_si_unit ....................................:      1
! SUMMARY-  line .......................................................:   1625
! SUMMARY-  local_time .................................................:      1
! SUMMARY-  manifold_solid_brep ........................................:      1
! SUMMARY-  organization ...............................................:      1
! SUMMARY-  oriented_edge ..............................................:   5904
! SUMMARY-  person .....................................................:      1
! SUMMARY-  person_and_organization ....................................:      1
! SUMMARY-  plane ......................................................:    481
! SUMMARY-  plane_angle_measure_with_unit ..............................:      1
! SUMMARY-  plane_angle_unit_and_si_unit ...............................:      1
! SUMMARY-  product ....................................................:      1
! SUMMARY-  product_category ...........................................:      1
! SUMMARY-  product_context ............................................:      1
! SUMMARY-  product_definition .........................................:      1
! SUMMARY-  product_definition_context .................................:      1
! SUMMARY-  product_definition_formation_with_specified_source .........:      1
! SUMMARY-  product_definition_shape ...................................:      1
! SUMMARY-  product_related_product_category ...........................:      1
! SUMMARY-  si_unit_and_solid_angle_unit ...............................:      1
! SUMMARY-  spherical_surface ..........................................:     70
! SUMMARY-  toroidal_surface ...........................................:    133
! SUMMARY-  uncertainty_measure_with_unit ..............................:      1
! SUMMARY-  vector .....................................................:   1625
! SUMMARY-  vertex_point ...............................................:   1801
! SUMMARY-                                                               -------
! SUMMARY-  Total                                                          40710
! STATUS-    
! STATUS-   Converting to Output Form (Phase 2 of 3): 4-OCT-2025 6:51:43 PM
! STATUS-    
! STATUS-    
! STATUS-   Generating UG geometry and placing them in parts
! STATUS-    
! STATUS-   Creating the UG part (Phase 3 of 3): 4-OCT-2025  6:51:46 PM
! INFO-     Filing Part ..: C:\Users\Trololololol\Documents\Projects\0_BRZ_PARENT\0_BRZ_CAD\4_ECU_ENCLOSURES\9_HU_ECU\HU_ECU_revB\FM4-NZRP-PCB-1.prt
! SUMMARY-   
! SUMMARY-  Summary of Unigraphics Part Entities
! SUMMARY-   
! SUMMARY-  Entities Processed             Count
! SUMMARY-  ------------------             -----
! SUMMARY-  Solid/Sheet .................:     1
! SUMMARY-                                 -----
! SUMMARY-  Total                              1
! INFO-      
! INFO-     Total number of solids input for this translation       :         1
! INFO-      
! INFO-     Number of solids created without body validation faults :         1
! INFO-      
! INFO-     Number of solids created with body validation fault(s)  :         0
! INFO-      
! INFO-     Number of solids ending up as sheet bodies              :         0
! INFO-      
! INFO-     End of Translation: 4-OCT-2025  6:51:47 PM
! INFO-      
